RECORD_TYPE_TOO_LARGE,    "E2419 Record type too large: exceeds 1 MB"

CLS_ID_REDECLARED_FIELD,  "x2421 Imported identifier '%s' conflicts with '%s' in '%s'"
CLS_ID_REDECLARED_TYPE,   "E2422 Imported identifier '%s' conflicts with '%s' in namespace '%s'"



INVALID_TEXT_ENCODING,    "F2438 UCS-4 text encoding not supported.  Convert to UCS-2 or UTF-8"


LOWER_VIS_IN_INLINE_METHOD, "H2440 Inline method visibility is not lower or same visibility of accessed member '%s.%s'"


INLINE_UNITS_INCOMPLETE,  "H2443 Inline function '%s' has not been expanded because unit '%s' is not specified in USES list"
INLINE_MEMBER_INACCESSIBLE, "H2444 Inline function '%s' has not been expanded because accessed member '%s' is inaccessible"
INLINE_POSSIBLE_CIR_REF,  "H2445 Inline function '%s' has not been expanded because its unit '%s' is specified in USES statement of IMPLEMENTATION section and current function is inline function or being inline function"
DIFFERENT_UNIT_VERSION,   "F2446 Unit '%s' is compiled with unit '%s' in '%s' but different version '%s' found"


_OBSOLETED_2451,      "E2451" // -> x1061

_OBSOLETED_2455,      "E2455" // -> x1062
INLINE_CIR_REF,       "H2456 Inline function '%s' has not been expanded because contained unit '%s' uses compiling unit '%s'"
INLINE_CIR_REF_INDIR,   "H2457 Inline function '%s' has not been expanded because contained unit '%s' uses compiling unit '%s' indirectly"
CANT_IMPORT_LIBS,     "F2458 Cannot import metadata from Delphi 'library'.  Use packages instead"
CLASSPROP_SELECTOR,     "E2459 Class property accessor must not have field selector"
SPECIAL_ANCESTOR,     "E2460 Cannot inherit from special class '%s.%s'"
NOT_INSTANCE_FIELD,     "E2461 Identifier '%s' is not an instance field"
PLATFORM_THREADVAR,     "F2462 Framework %s does not support thread local variables (%s.%s)"
ILL_CLAUSE_IN_RECORD,   "E2463 '%s' directive not allowed in record type"
INVALID_ASSIGN_OP_DECL,   "E2464 First parameter of Assign operator must be var parameter"
RECORD_DESTRUCTOR,      "E2465 A record cannot introduce a destructor"
NOBUILD_REQUIRES,     "E2466 Never-build package '%s' requires always-build package '%s'"
NEED_RECORD_OBJECT,     "E2467 Record or object type required"
DUPLICATE_CLASS_NAME1,    "E2468 Linker detected duplicate name '%s' made from type '%s' in both unit '%s' and '%s'"
DUPLICATE_CLASS_NAME2,    "E2469 Linker detected duplicate name '%s' made from both type '%s' in unit '%s' and type '%s' in unit '%s'"
DUPLICATE_CLASS_NAME_UNIT,  "E2470 Linker detected duplicate name '%s' made from type '%s' in unit '%s' and conflicting with compiler generated class name for unit '%s'"
POSSIBLY_PLESS_RECORD_CTOR, "E2471 Possibly parameterless constructors not allowed on record types"
PROT_ACCESS_NO_SELF,    "H2472 Only methods of descendant types may access protected member %s (will be promoted to error E2362/E2363)" // temporary message for integration build. it must be removed before feature complete
NEED_RECORD_CLASS,      "E2473 Record or class type required"
NEED_RECORD,        "E2474 Record type required"
ILL_CLAUSE_IN_RECORD_HELPER,"E2475 '%s' directive not allowed in record helper type"
DUPLICATE_CLASS_NAME_UNIT2, "E2476 Linker detected duplicate name '%s' made from compiler generated class name for both unit '%s' and '%s'"
BETA_ERROR,         "E2477 %s %s" /* beta version only */
INHERIT_FROM_FRAGMENT,    "E2478 Cannot inherit from class fragment"
NEED_FRAGMENT,        "E2479 Type fragment declaration of '%s' must be marked with the 'fragment' directive"
NEED_PREV_FRAGMENT,     "E2480 Previous declaration of '%s' was not marked with the 'fragment' directive"
FRAGMENT_IDENT_CONFLICTS, "E2481 Identifier '%s' conflicts with type fragment declaration in unit '%s'"
FRAGMENT_TYPE_CONFLICTS,  "E2482 Type fragment '%s' conflicts with other type declaration"
FRAGMENT_IN_IMPL_SECTION, "E2483 Fragment '%s' must be declared in interface section"
_SUB_RELATED_SYMBOL_2,    "E2484 '%s' in unit '%s'" /* NOT_USED identifier, unit name */
FRAGMENT_MODIFIERS_MISMATCH,"E2485 Fragment declarations '%s' must match SEALED and ABSTRACT modifiers"
FRAGMENT_PACKSIZE_MISMATCH, "E2486 Fragment declarations '%s' must match pack size"
FRAGMENT_ANCESTOR_MISMATCH, "E2487 Fragment declarations '%s' must match ancestor type"
FRAGMENT_DUP_INTF,      "E2488 Fragment declarations '%s' must not implement same interfaces '%s' more than once"
FRAGMENT_DUP_OVERLOAD,    "E2489 Duplicate overloaded method '%s' with identical parameters in fragment declarations '%s'"
FRAGMENT_DUP_EXOVERLOAD,  "E2490 Duplicate overloaded method '%s' with identical parameters and result type in fragment declarations '%s'"
FRAGMENT_DUP_PUBLISHED,   "E2491 Only one of a set of overloaded methods '%s' can be published in fragment declarations '%s'"
FRAGMENT_DUP_IDENT,     "E2492 Duplicate identifier '%s' used in fragment declarations '%s'"
FRAGMENT_MISMATCH_OVERLOAD, "E2493 Method declaration of '%s' was not marked with the 'overload' directive in fragment declarations '%s'"
SUB_RELATED_METHOD_1,   "E2494 Related method: %s"  /* method signature */
SUB_RELATED_TYPE_1,     "E2495 Related type: %s"  /* type identifier */
SUB_RELATED_MEMBER_1,   "E2496 Related member: %s"  /* identifier */
FRAGMENT_INTF_NOT_ALLOWED,  "E2497 Interface fragment type '%s' not allowed in non-fragment type '%s'"
WEAKPACKAGE_FRAGMENT,   "E2498 $WEAKPACKAGEUNIT '%s' contains fragment declaration '%s'"
FRAGMENT_DUP_DEF_PROP,    "E2499 Duplicate default property in fragment declarations '%s'"
FRAGMENT_CTOR_USES_LOCALSYM,"E2500 Constructor in fragment type cannot use local symbol '%s'"
INLINE_CALLS_NESTED_ROUTINE,"E2501 Inline function cannot call nested routine '%s'"
FRAGMENT_CTOR_USES_NESTED,  "E2502 Constructor in fragment type cannot call nested routine '%s'"
FRAGMENT_ID_UNDECLARED,   "E2503 Undeclared identifier: '%s' in fragment '%s'"
FRAGMENT_INTF_ID_UNDECLARED,"E2504 Missing implementation of interface method %s.%s in fragment '%s'"
CTOR_UNINIT_BEFORE_TRY,   "H2505 'Self' is uninitialized. An inherited constructor must be called before entering a try block"
GENERICMETHOD_USES_LOCALSYM,"E2506 Method of parameterized type declared in interface section must not use local symbol '%s'"
GENERICS_CLASS_AND_RECORD,  "E2507 CLASS constraint and RECORD constraint cannot be specified together"
GENERICS_TYPE_PARAMS,   "E2508 type parameters not allowed on this type"
GENERICS_TYPEID_CONFLICTS,  "H2509 Identifier '%s' conflicts with type parameters of container type"
GENERICS_WRONG_CONSTRAINT,  "E2510 Type '%s' is not a valid constraint"
GENERICS_CLASS_CONSTRAINT,  "E2511 Type parameter '%s' must be a class type"
GENERICS_VALUE_CONSTRAINT,  "E2512 Type parameter '%s' must be a non-nullable value type"
GENERICS_CTOR_CONSTRAINT, "E2513 Type parameter '%s' must have one public parameterless constructor named Create"
GENERICS_INTF_CONSTRAINT, "E2514 Type parameter '%s' must support interface '%s'"
GENERICS_WRONG_TYPE_PARAM,  "E2515 Type parameter '%s' is not compatible with type '%s'"
GENERICS_CONSTRAINT_CONFLICTS,"E2516 Constraint '%s' is conflicting with previous constraints"
OPERATOR_INVALID_NUM_PARAMS,"E2517 Operator '%s' must take %d parameter(s)"
OPERATOR_UNRELATED_TYPES, "E2518 Operator '%s' must take least one '%s' type in parameters"
OPERATOR_FIRST_PARAM_TYPE,  "E2519 First parameter type of operator '%s' and result type must be identical"
OPERATOR_NOT_BOOL_RESULT, "E2520 Result type of operator '%s' must be Boolean type"
OPERATOR_UNRELATED_CONV,  "E2521 Operator '%s' must take one '%s' type in parameter or result type"
OPERATOR_ANCESTOR_CONV,   "E2522 Operator '%s' can not convert to/from ancestor type"
OPERATOR_DERIVED_CONV,    "E2523 Operator '%s' can not convert to/from derived type"
NEED_CLASS_OR_GUID,     "E2524 Class type or GUID string required"
ALREADY_OBSOLETE,     "E2525 Symbol '%s' is already marked deprecated"
CLS_DTOR_MISMATCH,      "E2526 Destructor pattern for CLS must be called 'Destroy' and marked override"
HELPER_TYPE_DECL,     "E2527 Helper type '%s' cannot be used in declarations"
GENERICS_TYPE_PARAMS_METHOD,"E2528 Type parameters not allowed on this method"
GENERICS_TYPE_PARAMS_OPER,  "E2529 Type parameters not allowed on operator"
GENERICS_TYPE_PARAMS_PROC,  "E2530 Type parameters not allowed on global procedure or function"
GENERICS_NO_TYPES_IN_METHOD,"E2531 Method '%s' requires explicit type argument(s)"
GENERICS_MANY_TYPES_IN_MTHD,"E2532 Couldn't infer generic type argument from different argument types for method '%s'"
GENERICS_NO_VIRTUALS,   "E2533 Virtual, dynamic and message methods cannot have type parameters"
CCTOR_NOT_STATIC,     "E2534 Class constructor must not be virtual, dynamic nor message"
GENERICS_INTERFACE_METHODS, "E2535 Interface methods must not have parameterized methods"
HELPER_CLASS_METHOD_POINTER,"E2536 Cannot create method pointers to helper class methods" 
DEFAULT_NEEDS_TYPEID,   "E2537 DEFAULT standard function expects a type identifier"
DEFAULT_NOT_ALLOWED,    "E2538 DEFAULT standard function not allowed for this type"
MISSING_ABSTRACT_IMPL,    "E2539 Missing implementation for abstract method '%s.%s'"
CANT_SEAL_ABSTRACT_TYPE,  "E2540 Cannot seal abstract type '%s'"
GENERICS_INVALID_TYPE,    "E2541 Static array, short string, or record types containing a field of these types cannot be used as a type argument"
GENERICS_INVALID_TYPE_INREC,"E2542"  // Obsoleted. It was: Static array, short string or record type which contains a field with these types cannot be used for field type in generic record type"
GENERICS_TYPE_TOO_LARGE,  "E2543 Instantiated data type '%s' too large: exceeds 2 GB"
GENERICS_RECORD_TOO_LARGE,  "E2544 Instantiated record type '%s' too large: exceeds 1 MB"
CANT_PUBLISH_CLASS_PROPERTY,"E2545 Cannot publish class property '%s' - only instance properties can be published"
RECORD_DESTRUCTOR_W_PARAMS, "E2546 A record cannot introduce a destructor with parameters"
ADDRESS_CTOR_ILLEGAL,   "E2547 Cannot take an address of constructor"
GENERICS_CLASSREF_ILLEGAL,  "E2548 Cannot take a class reference of parameterized type"
GENERICS_ATTRIBUTE_ILLEGAL, "E2549 Cannot declare parameterized type derived from custom attribute class"
CAV_DUPLICATE_ASM,      "E2550 Attribute '%s' defined in '%s' and '%s' can only be used once per target"
NO_GENERIC_METHODS,     "E2551 There is no type parameterized methods of '%s' that can be used with these number of type parameters"
GENERICS_MIXED_CONSTRAINTS, "E2552 CLASS or RECORD constraint and class type constraint cannot be specified together"
GENERICS_MANY_CONSTRAINTS,  "E2553 Class type constraint cannot be specified more than once"
MULTIPLE_PARAMLESS_CTOR,  "E2554 Multiple parameterless constructors found in %s"
CANNOT_CAPTURE_SYM,     "E2555 Cannot capture symbol '%s'"
GENERICS_INVALID_TYPE_VOID, "E2556 Type of procedure result or untyped parameter cannot be used as type argument" // non-MSIL only
GENERICS_INVALID_TYPE_SYSVOID,"E2557 Void type, type of procedure result or untyped parameter cannot be used as type argument"  // MSIL only
LOCK_EXPECTED,        "E2558 LOCK Expected but '%s' found"
INSTANCE_EXPECTED,      "E2559 Class instance expected"
OBJTYPENAME_NOT_ALLOWED,  "E2560 $OBJTYPENAME not allowed for '%s'; only global and non-alias type symbol"
SPECIALSYM_OPT_NOT_ALLOWED, "E2561 Specified options for $EXTERNALSYM and $NODEFINE are not allowed for '%s'; only global and non-alias type symbol"
NEED_FIELD,         "E2562 Field identifier required"
UNDECLARED_INTERFACE_MRC, "E2563 Specified interface type is not declared"
RECURSIVE_RECORD_USED,    "E2564 Undefined type '%s'"
GENERICS_ATTRIBUTE_USED,  "E2565 Cannot use parameterized or instantiated type as custom attribute"
UNICODE_ALIGNMENT_FIELD,  "x2566 Field '%s.%s' contains Unicode string data but has odd offset"
UNICODE_ALIGNMENT_TYPE,   "x2567 Type '%s' contains Unicode string data but %s"
GEMERICS_NO_CTOR_CONSTRAINT,"E2568 Can't create new instance without CONSTRUCTOR constraint in type parameter declaration"
GENERICS_FINIT_IN_VARREC, "E2569 Type parameter '%s' may need finalization - not allowed in variant record.  Consider using RECORD constraint"
GENERICS_LOCAL_PROC,    "E2570 Local procedure in generic method or method of generic type is not supported"
GENERICS_NO_CI_CONSTRAINT,  "E2571 Type parameter '%s' doesn't have class or interface constraint"
NEED_RTTI_SET,        "E2572 RTTI visibility set constant expression of type System.TRttiVisibility expected"
ALIGN_POWEROFTWO,     "E2573 Illegal value for the ALIGN directive (valid for one of 1, 2, 4, 8 or 16)"
GENERICS_NO_TYPED_TYPE,   "E2574 Instantiated type can not be used for TYPE'd type declaration"
TYPEINFO_TOO_LARGE,     "E2575 RTTI for '%s' is too large; reduce scope with $RTTI or reduce type size"
};